New Terminal Output:

root@e011675799ef:/app# ls -la
total 12
drwxr-xr-x 1 root root 4096 Jan 19 16:10 .
drwxr-xr-x 1 root root 4096 Jan 19 16:15 ..
drwxr-xr-x 2 root root 4096 Jan 19 16:09 src
root@e011675799ef:/app# ls -la solution || true
ls: cannot access 'solution': No such file or directory
root@e011675799ef:/app# ls -la tests || true
ls: cannot access 'tests': No such file or directory
root@e011675799ef:/app# ls -la src || true
total 16
drwxr-xr-x 2 root root 4096 Jan 19 16:09 .
drwxr-xr-x 1 root root 4096 Jan 19 16:10 ..
-rw-r--r-- 1 root root  874 Jan  6 04:31 sample1_data.csv
-rw-r--r-- 1 root root  768 Jan  6 04:17 sample2_data.csv
root@e011675799ef:/app# python3 --version
Python 3.11.14
root@e011675799ef:/app# pip --version
mkdir -p solution
pip 24.0 from /usr/local/lib/python3.11/site-packages/pip (python 3.11)
root@e011675799ef:/app# mkdir -p solution
root@e011675799ef:/app# cat > solution/CSVIngester.py << 'PY'
> #!/usr/bin/env python3
  > import argparse
> import json
> import sys
> from pathlib import Path
> from datetime import datetime
> from typing import List, Dict, Any, Optional
> import pandas as pd
> import numpy as np
>
> DATE_FORMATS = [
>     '%Y-%m-%d', '%Y/%m/%d', '%Y.%m.%d',
>     '%m/%d/%Y', '%m/%d/%y', '%m-%d-%Y', '%-m-%-d-%Y' if sys.platform != 'win32' else '%m-%d-%Y',
>     '%d/%m/%Y', '%d.%m.%Y', '%d-%m-%Y',
>     '%b %d, %Y', '%d %b %Y', '%B %d, %Y', '%d %B %Y',
>     '%b %d %Y', '%d %b, %Y'
anmax(s))
        clipped = s.clip> ]
>
> class CSVIngester:
>     def __init__(self):
>         self.operations: List[Dict[str, Any]] = []
>
>     def log(self, operation: str, details: Dict[str, Any]):
       'original_min': original_min,
            'o>         self.operations.append({
>             'operation': operation,
>             'details': details,
>             'timestamp': datetime.utcnow().isoformat()
>         })
>
>     def encode_process(self, file_path: str) -> str:
>         p = Path(file_path)
>         if not p.exists():
>             self.log('detect_encoding_error', {'source': str(p), 'error': 'file_not_found'})
>             raise FileNotFoundError(f"File not found: {file_path}")
>         # try utf-8 first
>         try:
>             with open(p, 'r', encoding='utf-8') as f:
>                 f.read(1024)
>             enc = 'utf-8'
>         except UnicodeDecodeError:
>             enc = 'latin-1'
>         self.log('detect_encoding', {'source': str(p), 'encoding': enc})
>         return enc
>
>     @staticmethod
>     def standardize_column_name(name: str) -> str:
>         if name is None:
>             return 'unknown'
>         # Lowercase
>         s = str(name).strip().lower()
>         # Replace non-word characters with space
>         s = ''.join(ch if ch.isalnum() else ' ' for ch in s)
>         # Collapse spaces to single underscore
>         parts = [p for p in s.split() if p]
>         s = '_'.join(parts)
>         return s
>
>     def detect_column_type(self, series: pd.Series) -> str:
>         # Try numeric
>         try:
>             s_num = pd.to_numeric(series, errors='coerce')
>             num_non_nan = s_num.notna().sum()
>             if num_non_nan > 0 and num_non_nan >= 0.6 * len(series):
>                 return 'numeric'
>         except Exception:
>             pass
>         # Try date by parsing sample
>         if self._is_date_series(series):
>             return 'date'
>         return 'categorical'
              bounds['upper_bound'] if boun>
>     def _is_date_series(self, series: pd.Series) -> bool:
>         s = series.dropna().astype(str)
>         if s.empty:
>             return False
>         sample = s.head(min(10, len(s)))
>         parsed_any = 0
>         for v in sample:
>             if self._parse_date(v) is not None:
>                 parsed_any += 1
>         return parsed_any >= max(1, int(0.6 * len(sample)))
>
>     def _parse_date(self, value: str) -> Optional[str]:
>         v = str(value).strip()
>         if not v:
>             return None
>         # Try pandas to_datetime first with dayfirst and yearfirst heuristics
>         try:
>             dt = pd.to_datetime(v, errors='raise', dayfirst=False, yearfirst=False)
>             return dt.date().isoformat()
>         except Exception:
>             pass
('string')
        return df

    def conso>         try:
>             dt = pd.to_datetime(v, errors='raise', dayfirst=True, yearfirst=False)
>             return dt.date().isoformat()
>         except Exception:
>             pass
>         # Fallback to manual list
>         for fmt in DATE_FORMATS:
  except FileNotFoundError:
                # L>             try:
>                 dt = datetime.strptime(v, fmt)
>                 return dt.date().isoformat()
>             except Exception:
>                 continue
>         return None
>
>     def date_parser(self, series: pd.Series) -> pd.Series:
>         def parse(v):
>             if pd.isna(v):
': int(dfc.shape[0]), 'columns': int(dfc.shape
[... output limited to 10000 bytes; 70 interior bytes omitted ...]
t')
>     p.add_argument('--get-operations', dest='get_operations', action='store_true', help='Print operations log JSON and exit')
>     return p
>
>
> def csv_summary(path: str) -> Dict[str, Any]:
>     ing = CSVIngester()
>     try:
>         enc = ing.encode_process(path)
>         df = pd.read_csv(path, encoding=enc)
>     except FileNotFoundError:
>         return {'file': path, 'error': 'file_not_found'}
>     summary = {
>         'file': path,
>         'rows': int(df.shape[0]),
>         'columns': int(df.shape[1]),
>         'column_names': list(map(str, df.columns)),
>         'missing_values': {str(c): int(df[c].isna().sum()) for c in df.columns}
>     }
>     return summary
>
>
> def main(argv=None):
>     argv = argv or sys.argv[1:]
>     parser = build_arg_parser()
>     args = parser.parse_args(argv)
>
>     ing = CSVIngester()
>
>     if args.summary:
>         s = csv_summary(args.summary)
>         print(json.dumps(s, indent=2))
>         return 0
>
>     if not args.files:
>         print('No input files provided', file=sys.stderr)
>         return 1
>
>     ing.file_processor(args.output, args.log, args.files)
>
>     if args.get_operations:
>         print(json.dumps(ing.get_operations_log(), indent=2))
>     return 0
>
>
> if __name__ == '__main__':
>     sys.exit(main())
> PY
root@e011675799ef:/app# cat > solution/solve.sh << 'SH'
> #!/usr/bin/env bash
> set -euo pipefail
>
> SCRIPT_DIR="$(cd "$(dirname "${BASH_SOURCE[0]}")" && pwd)"
> PY="$SCRIPT_DIR/CSVIngester.py"
>
> run_py() {
>   python3 "$PY" "$@"
> }
>
> encoding-detection() {
>   local file="$1"
>   python3 - <<PY
> from solution.CSVIngester import CSVIngester
> ci=CSVIngester()
> try:
>     enc=ci.encode_process('$file')
>     print(enc)
> except FileNotFoundError:
>     print('file_not_found')
> PY
> }
>
> name-standardization() {
>   local name="$1"
>   python3 - <<PY
> from solution.CSVIngester import CSVIngester
> print(CSVIngester.standardize_column_name('$name'))
> PY
> }
>
> type-detection() {
>   local file="$1"; shift
>   local col="$1"
>   python3 - <<PY
> import pandas as pd
> from solution.CSVIngester import CSVIngester
> ci=CSVIngester()
> try:
>     enc=ci.encode_process('$file')
>     df=pd.read_csv('$file', encoding=enc)
>     col=None
>     for c in df.columns:
>         if c== '$col' or CSVIngester.standardize_column_name(c)==CSVIngester.standardize_column_name('$col'):
>             col=c; break
>     if col is None:
>         print('column_not_found')
>     else:
>         print(ci.detect_column_type(df[col]))
> except FileNotFoundError:
>     print('file_not_found')
> PY
> }
>
> date-parsing() {
>   local file="$1"; shift
>   local col="$1"
>   python3 - <<PY
> import pandas as pd
> from solution.CSVIngester import CSVIngester
> ci=CSVIngester()
> enc=ci.encode_process('$file')
> df=pd.read_csv('$file', encoding=enc)
> print(ci.date_parser(df['$col']).to_string(index=False))
> PY
> }
>
> outlier-truncate() {
>   local file="$1"; shift
>   local col="$1"
>   python3 - <<PY
> import pandas as pd, json
> from solution.CSVIngester import CSVIngester
> ci=CSVIngester()
> enc=ci.encode_process('$file')
> df=pd.read_csv('$file', encoding=enc)
> info=ci.outlier_truncate(df['$col'])
> print(json.dumps(info, indent=2))
> PY
> }
>
> dataframe-cleaning() {
>   local file="$1"; shift
>   local out="${1:-cleaned_data.csv}"
>   python3 - <<PY
> import pandas as pd
> from solution.CSVIngester import CSVIngester
> ci=CSVIngester()
> df=ci.processed_dataframe('$file')
> df.to_csv('$out', index=False)
> print('$out')
> PY
> }
>
> dataframe-consolidation() {
>   local out="$1"; shift
>   python3 - <<PY
> import sys
> from solution.CSVIngester import CSVIngester
> ci=CSVIngester()
> files=sys.argv[1:]
> df=ci.consolidated_cleaned_dataframes(files)
> df.to_csv('$out', index=False)
> print('$out')
> PY
>   "$@"
> }
>
> file-processing() {
>   local out="$1"; shift
>   local log="$1"; shift
>   python3 "$PY" -o "$out" -l "$log" "$@"
> }
>
> cleaning-log() {
>   local log="${1:-cleaning_log.json}"
>   cat "$log"
> }
>
> csv-summary() {
>   local file="$1"
>   python3 "$PY" --summary "$file"
> }
>
> get-operations() {
>   local out="$1"
>   python3 - <<PY
> from solution.CSVIngester import CSVIngester
> import json
> ci=CSVIngester()
> print(json.dumps(ci.get_operations_log(), indent=2))
> PY
> }
>
> SH
root@e011675799ef:/app# chmod +x solution/CSVIngester.py
root@e011675799ef:/app# chmod +x solution/solve.sh
root@e011675799ef:/app# python3 -m venv venv
source venv/bin/activate
pip install -q pandas==2.3.3 numpy==2.0.2 pytest==8.4.1
root@e011675799ef:/app# source venv/bin/activate
(venv) root@e011675799ef:/app# pip install -q pandas==2.3.3 numpy==2.0.2 pytest==8.4.1

[notice] A new release of pip is available: 24.0 -> 25.3
[notice] To update, run: pip install --upgrade pip
(venv) root@e011675799ef:/app# pytest -q tests/test_outputs.py -q

ERROR: file or directory not found: tests/test_outputs.py

(venv) root@e011675799ef:/app#
